============================================
  FULL SYNC: 2026-08-15 05:32:49
============================================
  Added:   9
  Updated: 0
  Skipped: 1973
--------------------------------------------

============================================
  FULL SYNC: 2026-08-22 05:33:11
============================================
  Added:   13
  Updated: 0
  Skipped: 1988
--------------------------------------------

============================================
  FULL SYNC: 2026-08-29 05:32:29
============================================
  Added:   2
  Updated: 2
  Skipped: 2004
--------------------------------------------

